#-----------------------------------------------------------
# Vivado v2023.1 (64-bit)
# SW Build 3865809 on Sun May  7 15:05:29 MDT 2023
# IP Build 3864474 on Sun May  7 20:36:21 MDT 2023
# SharedData Build 3865790 on Sun May 07 13:33:03 MDT 2023
# Start of session at: Wed Sep  6 11:49:04 2023
# Process ID: 18360
# Current directory: C:/Users/Vuk/Desktop/Implementacija-neuronske-mreze-na-FPGA/verilog/project
# Command line: vivado.exe -gui_launcher_event rodinguilauncherevent22996 C:\Users\Vuk\Desktop\Implementacija-neuronske-mreze-na-FPGA\verilog\project\gotov proij.xpr
# Log file: C:/Users/Vuk/Desktop/Implementacija-neuronske-mreze-na-FPGA/verilog/project/vivado.log
# Journal file: C:/Users/Vuk/Desktop/Implementacija-neuronske-mreze-na-FPGA/verilog/project\vivado.jou
# Running On: DESKTOP-41GLAH1, OS: Windows, CPU Frequency: 2096 MHz, CPU Physical cores: 12, Host memory: 16500 MB
#-----------------------------------------------------------
start_gui
open_project {C:/Users/Vuk/Desktop/Implementacija-neuronske-mreze-na-FPGA/verilog/project/gotov proij.xpr}
